
> appscrip-task-rimal@0.1.0 build
> next build

Γû▓ Next.js 16.2.2 (Turbopack)

  Creating an optimized production build ...
node.exe : 
At line:1 char:1
+ & "C:\Program 
Files\nodejs/node.exe" 
"C:\Program Files\nodejs/node_mo 
...
+ ~~~~~~~~~~~~~~~~~~~~~~~~~~~~~~~
~~~~~~~~~~~~~~~~~~~~~~~~~~~~~~~~~
~~~~~
    + CategoryInfo          : No 
   tSpecified: (:String) [], Re  
  moteException
    + FullyQualifiedErrorId : Na 
   tiveCommandError
 
> Build error occurred
Error: Turbopack build failed 
with 1 errors:
./components/ProductListing.tsx:4
:1
Module not found: Can't resolve 
'./productCard'
  [90m2 |[0m
  [90m3 |[0m [36mimport[0m 
[33mReact[0m, { useState, 
useMemo } [36mfrom[0m 
[32m"react"[0m;
[31m[1m>[0m [90m4 |[0m 
[36mimport[0m 
[33mProductCard[0m, { 
[33mProduct[0m } [36mfrom[0m 
[32m"./productCard"[0m;
  [90m  |[0m [31m[1m^^^^^^^^^
^^^^^^^^^^^^^^^^^^^^^^^^^^^^^^^^^
^^^^^^^^^^^[0m
  [90m5 |[0m [36mimport[0m 
[33mSidebarFilter[0m 
[36mfrom[0m 
[32m"./SidebarFilter"[0m;
  [90m6 |[0m [36mimport[0m 
styles [36mfrom[0m [32m"../app
/page.module.css"[0m;
  [90m7 |[0m



Import trace:
  Server Component:
    
./components/ProductListing.tsx
    ./app/page.tsx

https://nextjs.org/docs/messages/
module-not-found


    at <unknown> (./components/Pr
oductListing.tsx:4:1)
    at <unknown> (https://nextjs.
org/docs/messages/module-not-foun
d)
